// 重构日志: d7944f94
// 重构日志: e0a47a6e
// 同步 ID: 5409847a @ Tue Jul 21 06:41:32 UTC 2026
// 重构日志: eb8c1f06
// 重构日志: 7aeb78c6
// 重构日志: 096d7c9a
// 同步 ID: b98fb806 @ Thu Jul 23 10:48:32 UTC 2026
// 同步 ID: ceeb7e7b @ Fri Jul 24 06:38:04 UTC 2026
// 同步 ID: ebe8534d @ Sat Jul 25 03:44:41 UTC 2026
// 重构日志: d7957604
// 同步 ID: d70201b0 @ Sat Jul 25 16:24:56 UTC 2026
// 重构日志: fc0690c6
// 同步 ID: dbb85847 @ Sun Jul 26 16:55:36 UTC 2026
// 重构日志: 34394c11
// 重构日志: 292edda2
// 同步 ID: 1a87656d @ Tue Jul 28 14:22:07 UTC 2026
// 重构日志: 722a2632
// 同步 ID: be211c5f @ Wed Jul 29 17:28:10 UTC 2026
// 同步 ID: 2bd5832c @ Fri Jul 31 18:34:21 UTC 2026
// 重构日志: 63f39e3f
// 同步 ID: 9fcd122c @ Sat Aug  1 11:58:36 UTC 2026
// 重构日志: e5413929
// 同步 ID: 2bfc79c1 @ Sun Aug  2 11:23:30 UTC 2026
// 同步 ID: 9475191f @ Sun Aug  2 12:45:50 UTC 2026
// 同步 ID: 1ac827cf @ Mon Aug  3 14:33:28 UTC 2026
// 重构日志: c2737325
// 重构日志: 6dffb320
// 同步 ID: 16189f76 @ Fri Aug  7 14:34:30 UTC 2026
// 重构日志: f1d5726c
// 同步 ID: d77dcb2d @ Sat Aug  8 03:54:30 UTC 2026
